// Jest Snapshot v1, https://goo.gl/fbAQLP

exports[`Testing the PrivateRoutes matches snapshot 1`] = `<DocumentFragment />`;

exports[`Testing the PrivateRoutes matches snapshot when logged out 1`] = `<DocumentFragment />`;
