// Jest Snapshot v1, https://goo.gl/fbAQLP

exports[`Testing the Profile component matches snapshot 1`] = `
<DocumentFragment>
  <div
    class="col-md-6 col-lg-4 offset-md-3 offset-lg-4"
  >
    <h1>
      Profile
    </h1>
    <div
      class="card"
    >
      <div
        class="card-body"
      >
        <form
          class=""
        >
          <label
            class=""
            for="username"
          >
            Username
          </label>
          <p>
            test
          </p>
          <div
            class="form-group"
          >
            <label
              class=""
              for="first_name"
            >
              First Name
            </label>
            <input
              class="form-control"
              name="first_name"
              type="text"
              value="test"
            />
          </div>
          <div
            class="form-group"
          >
            <label
              class=""
            >
              Last Name
            </label>
            <input
              class="form-control"
              name="last_name"
              type="text"
              value="mctest"
            />
          </div>
          <div
            class="form-group"
          >
            <label
              class=""
            >
              Email
            </label>
            <input
              class="form-control"
              name="email"
              type="text"
              value="test@test.net"
            />
          </div>
          <div
            class="form-group"
          >
            <label
              class=""
            >
              Photo URL
            </label>
            <input
              class="form-control"
              name="photo_url"
              type="text"
              value=""
            />
          </div>
          <div
            class="form-group"
          >
            <label
              class=""
            >
              Re-enter Password
            </label>
            <input
              class="form-control"
              name="password"
              type="password"
              value=""
            />
          </div>
          <button
            class="btn btn-secondary"
          >
            Save Changes
          </button>
        </form>
      </div>
    </div>
  </div>
</DocumentFragment>
`;
